INFO    : Building target print
INFO    : XSL conversion of /home/wellsc/classes/201/Course/source/course.ptx by /home/wellsc/.ptx/2.52.3/core/xsl/utilities/pretext-enhanced-source.xsl
INFO    : successful application of /home/wellsc/.ptx/2.52.3/core/xsl/utilities/pretext-enhanced-source.xsl
INFO    : discovering source file's directory name: /home/wellsc/classes/201/Course/source
INFO    : verifying and expanding input directory: /home/wellsc/classes/201/Course/source/../assets
INFO    : input directory expanded to absolute path: /home/wellsc/classes/201/Course/assets
INFO    : Generating any needed assets.
INFO    : converting PreFigure diagrams from /home/wellsc/classes/201/Course/source/course.ptx to PDF graphics for placement in /home/wellsc/classes/201/Course/source/generated/prefigure
INFO    : extracting PreFigure diagrams from /home/wellsc/classes/201/Course/source/course.ptx
INFO    : string parameters passed to extraction stylesheet: {'cli.version': '2.52', 'publisher': '/home/wellsc/classes/201/Course/publication/publication-print.ptx'}
INFO    : XSL conversion of /home/wellsc/classes/201/Course/source/course.ptx by /home/wellsc/.ptx/2.52.3/core/xsl/extract-prefigure.xsl
INFO    : successful application of /home/wellsc/.ptx/2.52.3/core/xsl/extract-prefigure.xsl
INFO    : discovering source file's directory name: /home/wellsc/classes/201/Course/source
INFO    : verifying and expanding input directory: /home/wellsc/classes/201/Course/source/../assets
INFO    : input directory expanded to absolute path: /home/wellsc/classes/201/Course/assets
INFO    : discovering source file's directory name: /home/wellsc/classes/201/Course/source
INFO    : compiling PreFigure source file prefigure_water_tank.xml to PDF
INFO    : copying PreFigure output to /home/wellsc/classes/201/Course/source/generated/prefigure
INFO    : Removing temporary directory /tmp/ptx-plgetgts
INFO    : Finished generating assets.

INFO    : Preparing to build into /home/wellsc/classes/201/Course/output/print.
INFO    : discovering source file's directory name: /home/wellsc/classes/201/Course/source
INFO    : verifying and expanding input directory: /home/wellsc/classes/201/Course/source/../assets
INFO    : input directory expanded to absolute path: /home/wellsc/classes/201/Course/assets
INFO    : discovering source file's directory name: /home/wellsc/classes/201/Course/source
INFO    : XSL conversion of /home/wellsc/classes/201/Course/source/course.ptx by /home/wellsc/.ptx/2.52.3/core/xsl/utilities/report-publisher-variables.xsl
INFO    : successful application of /home/wellsc/.ptx/2.52.3/core/xsl/utilities/report-publisher-variables.xsl
INFO    : converting /home/wellsc/classes/201/Course/source/course.ptx to LaTeX as /tmp/ptx-ow643zl_/course.tex
INFO    : XSL conversion of /home/wellsc/classes/201/Course/source/course.ptx by /home/wellsc/.ptx/2.52.3/core/xsl/pretext-latex.xsl
INFO    : messages from the log for XSL processing (prefaced with a *):
INFO    : * PTX:INFO:   checking all deprecated elements.
INFO    : successful application of /home/wellsc/.ptx/2.52.3/core/xsl/pretext-latex.xsl
INFO    : XSL conversion of /home/wellsc/classes/201/Course/source/course.ptx by /home/wellsc/.ptx/2.52.3/core/xsl/utilities/report-publisher-variables.xsl
INFO    : successful application of /home/wellsc/.ptx/2.52.3/core/xsl/utilities/report-publisher-variables.xsl
INFO    : Rerunning LaTeX for course.tex (pass 2)
INFO    : Rerunning LaTeX for course.tex (pass 3)
INFO    : Removing temporary directory /tmp/ptx-ow643zl_
INFO    : Removing temporary directory /tmp/ptx-44j92uwe
INFO    : Removing temporary directory /tmp/ptx-d32p0g4h
INFO    : 
Finished build for target print. The output is in /home/wellsc/classes/201/Course/output/print.

INFO    : 
Success!  Built requested target(s) without errors.

INFO    : 
