INFO    : Since no target was supplied, we will use "web".

INFO    : Generating any needed assets.
INFO    : XSL conversion of /home/wellsc/classes/201/Course/source/course.ptx by /home/wellsc/.ptx/2.52.3/core/xsl/utilities/pretext-enhanced-source.xsl
INFO    : successful application of /home/wellsc/.ptx/2.52.3/core/xsl/utilities/pretext-enhanced-source.xsl
INFO    : discovering source file's directory name: /home/wellsc/classes/201/Course/source
INFO    : verifying and expanding input directory: /home/wellsc/classes/201/Course/source/../assets
INFO    : input directory expanded to absolute path: /home/wellsc/classes/201/Course/assets
INFO    : converting PreFigure diagrams from /home/wellsc/classes/201/Course/source/course.ptx to SVG graphics for placement in /home/wellsc/classes/201/Course/generated-assets/prefigure
INFO    : extracting PreFigure diagrams from /home/wellsc/classes/201/Course/source/course.ptx
INFO    : string parameters passed to extraction stylesheet: {'publisher': '/home/wellsc/classes/201/Course/publication/publication.ptx'}
INFO    : XSL conversion of /home/wellsc/classes/201/Course/source/course.ptx by /home/wellsc/.ptx/2.52.3/core/xsl/extract-prefigure.xsl
INFO    : successful application of /home/wellsc/.ptx/2.52.3/core/xsl/extract-prefigure.xsl
INFO    : discovering source file's directory name: /home/wellsc/classes/201/Course/source
INFO    : verifying and expanding input directory: /home/wellsc/classes/201/Course/source/../assets
INFO    : input directory expanded to absolute path: /home/wellsc/classes/201/Course/assets
INFO    : discovering source file's directory name: /home/wellsc/classes/201/Course/source
INFO    : copying PreFigure output to /home/wellsc/classes/201/Course/generated-assets/prefigure
INFO    : Removing temporary directory /tmp/ptx-4ujqr4hi
INFO    : Finished generating assets.

INFO    : Finished generating assets successfully.

INFO    : 
