INFO    : Building target epdf
INFO    : XSL conversion of /home/wellsc/classes/201/Course/source/course.ptx by /home/wellsc/.ptx/2.52.3/core/xsl/utilities/pretext-enhanced-source.xsl
INFO    : successful application of /home/wellsc/.ptx/2.52.3/core/xsl/utilities/pretext-enhanced-source.xsl
INFO    : discovering source file's directory name: /home/wellsc/classes/201/Course/source
INFO    : verifying and expanding input directory: /home/wellsc/classes/201/Course/source/../assets
INFO    : input directory expanded to absolute path: /home/wellsc/classes/201/Course/assets
INFO    : Generating any needed assets.
INFO    : converting PreFigure diagrams from /home/wellsc/classes/201/Course/source/course.ptx to PDF graphics for placement in /home/wellsc/classes/201/Course/generated-assets/prefigure
INFO    : extracting PreFigure diagrams from /home/wellsc/classes/201/Course/source/course.ptx
INFO    : string parameters passed to extraction stylesheet: {'cli.version': '2.52', 'publisher': '/home/wellsc/classes/201/Course/publication/publication.ptx'}
INFO    : XSL conversion of /home/wellsc/classes/201/Course/source/course.ptx by /home/wellsc/.ptx/2.52.3/core/xsl/extract-prefigure.xsl
INFO    : successful application of /home/wellsc/.ptx/2.52.3/core/xsl/extract-prefigure.xsl
INFO    : discovering source file's directory name: /home/wellsc/classes/201/Course/source
INFO    : verifying and expanding input directory: /home/wellsc/classes/201/Course/source/../assets
INFO    : input directory expanded to absolute path: /home/wellsc/classes/201/Course/assets
INFO    : discovering source file's directory name: /home/wellsc/classes/201/Course/source
INFO    : copying PreFigure output to /home/wellsc/classes/201/Course/generated-assets/prefigure
INFO    : Removing temporary directory /tmp/ptx-gwsdosoa
INFO    : Finished generating assets.

INFO    : Preparing to build into /home/wellsc/classes/201/Course/output/epdf.
INFO    : discovering source file's directory name: /home/wellsc/classes/201/Course/source
INFO    : verifying and expanding input directory: /home/wellsc/classes/201/Course/source/../assets
INFO    : input directory expanded to absolute path: /home/wellsc/classes/201/Course/assets
INFO    : discovering source file's directory name: /home/wellsc/classes/201/Course/source
INFO    : XSL conversion of /home/wellsc/classes/201/Course/source/course.ptx by /home/wellsc/.ptx/2.52.3/core/xsl/utilities/report-publisher-variables.xsl
INFO    : successful application of /home/wellsc/.ptx/2.52.3/core/xsl/utilities/report-publisher-variables.xsl
INFO    : converting /home/wellsc/classes/201/Course/source/course.ptx to LaTeX as /tmp/ptx-qqd56uke/course.tex
INFO    : XSL conversion of /home/wellsc/classes/201/Course/source/course.ptx by /home/wellsc/.ptx/2.52.3/core/xsl/pretext-latex.xsl
INFO    : messages from the log for XSL processing (prefaced with a *):
INFO    : * PTX:INFO:   checking all deprecated elements.
INFO    : successful application of /home/wellsc/.ptx/2.52.3/core/xsl/pretext-latex.xsl
INFO    : XSL conversion of /home/wellsc/classes/201/Course/source/course.ptx by /home/wellsc/.ptx/2.52.3/core/xsl/utilities/report-publisher-variables.xsl
INFO    : successful application of /home/wellsc/.ptx/2.52.3/core/xsl/utilities/report-publisher-variables.xsl
INFO    : Rerunning LaTeX for course.tex (pass 2)
INFO    : Removing temporary directory /tmp/ptx-qqd56uke
INFO    : Removing temporary directory /tmp/ptx-gfci_g7_
INFO    : Removing temporary directory /tmp/ptx-soozfrbe
INFO    : 
Finished build for target epdf. The output is in /home/wellsc/classes/201/Course/output/epdf.

INFO    : 
Success!  Built requested target(s) without errors.

INFO    : 
