INFO    : Building target print
INFO    : XSL conversion of /home/wellsc/classes/201/Course/source/course.ptx by /home/wellsc/.ptx/2.52.0/core/xsl/utilities/pretext-enhanced-source.xsl
INFO    : successful application of /home/wellsc/.ptx/2.52.0/core/xsl/utilities/pretext-enhanced-source.xsl
WARNING : PreTeXt source did not pass schema validation (4 messages); unexpected output may result. Continuing anyway.
WARNING :   Messages: /home/wellsc/classes/201/Course/logs/schema-errors.log
WARNING :   Line numbers refer to the assembled source: /home/wellsc/classes/201/Course/logs/schema-assembled-source.xml
WARNING :   Run `pretext validate` for a report that names the source files.
INFO    : discovering source file's directory name: /home/wellsc/classes/201/Course/source
INFO    : verifying and expanding input directory: /home/wellsc/classes/201/Course/source/../assets
INFO    : input directory expanded to absolute path: /home/wellsc/classes/201/Course/assets
INFO    : Generating any needed assets.
INFO    : Finished generating assets.

INFO    : Preparing to build into /home/wellsc/classes/201/Course/output/print.
INFO    : discovering source file's directory name: /home/wellsc/classes/201/Course/source
INFO    : verifying and expanding input directory: /home/wellsc/classes/201/Course/source/../assets
INFO    : input directory expanded to absolute path: /home/wellsc/classes/201/Course/assets
INFO    : discovering source file's directory name: /home/wellsc/classes/201/Course/source
INFO    : XSL conversion of /home/wellsc/classes/201/Course/source/course.ptx by /home/wellsc/.ptx/2.52.0/core/xsl/utilities/report-publisher-variables.xsl
INFO    : successful application of /home/wellsc/.ptx/2.52.0/core/xsl/utilities/report-publisher-variables.xsl
INFO    : converting /home/wellsc/classes/201/Course/source/course.ptx to LaTeX as /tmp/ptx-xxk7n6c1/course.tex
INFO    : XSL conversion of /home/wellsc/classes/201/Course/source/course.ptx by /home/wellsc/.ptx/2.52.0/core/xsl/pretext-latex.xsl
INFO    : messages from the log for XSL processing (prefaced with a *):
INFO    : * PTX:INFO:   checking all deprecated elements.
INFO    : successful application of /home/wellsc/.ptx/2.52.0/core/xsl/pretext-latex.xsl
INFO    : XSL conversion of /home/wellsc/classes/201/Course/source/course.ptx by /home/wellsc/.ptx/2.52.0/core/xsl/utilities/report-publisher-variables.xsl
INFO    : successful application of /home/wellsc/.ptx/2.52.0/core/xsl/utilities/report-publisher-variables.xsl
INFO    : Removing temporary directory /tmp/ptx-xxk7n6c1
INFO    : Removing temporary directory /tmp/ptx-6uklru1m
INFO    : Removing temporary directory /tmp/ptx-7x245brv
INFO    : 
Finished build for target print. The output is in /home/wellsc/classes/201/Course/output/print.

INFO    : 
Success!  Built requested target(s) without errors.

INFO    : 
