INFO    : Building target epdf
INFO    : XSL conversion of /home/wellsc/classes/201/Course/source/course.ptx by /home/wellsc/.ptx/2.52.3/core/xsl/utilities/pretext-enhanced-source.xsl
INFO    : successful application of /home/wellsc/.ptx/2.52.3/core/xsl/utilities/pretext-enhanced-source.xsl
INFO    : discovering source file's directory name: /home/wellsc/classes/201/Course/source
INFO    : verifying and expanding input directory: /home/wellsc/classes/201/Course/source/../assets
INFO    : input directory expanded to absolute path: /home/wellsc/classes/201/Course/assets
INFO    : Generating any needed assets.
INFO    : Finished generating assets.

INFO    : Preparing to build into /home/wellsc/classes/201/Course/output/epdf.
INFO    : discovering source file's directory name: /home/wellsc/classes/201/Course/source
INFO    : verifying and expanding input directory: /home/wellsc/classes/201/Course/source/../assets
INFO    : input directory expanded to absolute path: /home/wellsc/classes/201/Course/assets
INFO    : discovering source file's directory name: /home/wellsc/classes/201/Course/source
INFO    : XSL conversion of /home/wellsc/classes/201/Course/source/course.ptx by /home/wellsc/.ptx/2.52.3/core/xsl/utilities/report-publisher-variables.xsl
INFO    : successful application of /home/wellsc/.ptx/2.52.3/core/xsl/utilities/report-publisher-variables.xsl
INFO    : converting /home/wellsc/classes/201/Course/source/course.ptx to LaTeX as /tmp/ptx-ki9ubmge/course.tex
INFO    : XSL conversion of /home/wellsc/classes/201/Course/source/course.ptx by /home/wellsc/.ptx/2.52.3/core/xsl/pretext-latex.xsl
INFO    : messages from the log for XSL processing (prefaced with a *):
INFO    : * PTX:INFO:   checking all deprecated elements.
INFO    : successful application of /home/wellsc/.ptx/2.52.3/core/xsl/pretext-latex.xsl
INFO    : XSL conversion of /home/wellsc/classes/201/Course/source/course.ptx by /home/wellsc/.ptx/2.52.3/core/xsl/utilities/report-publisher-variables.xsl
INFO    : successful application of /home/wellsc/.ptx/2.52.3/core/xsl/utilities/report-publisher-variables.xsl
INFO    : Rerunning LaTeX for course.tex (pass 2)
INFO    : Removing temporary directory /tmp/ptx-ki9ubmge
INFO    : Removing temporary directory /tmp/ptx-pauupss4
INFO    : Removing temporary directory /tmp/ptx-ge3yzsjp
INFO    : 
Finished build for target epdf. The output is in /home/wellsc/classes/201/Course/output/epdf.

INFO    : 
Success!  Built requested target(s) without errors.

INFO    : 
